
> socially@0.1.0 build
> next build

  Γû▓ Next.js 14.2.25
  - Environments: .env

   Creating an optimized production build ...
node.exe : glob 
error [Error: EPERM: 
operation not 
permitted, scandir 'C
:\Users\morer\Applica
tion Data'] {
At C:\Program Files\n
odejs\npm.ps1:29 
char:3
+   & $NODE_EXE 
$NPM_CLI_JS $args
+   ~~~~~~~~~~~~~~~~~
~~~~~~~~~~~~
    + CategoryInfo   
           : NotSpe  
  cified: (glob er   
 ror [Err...catio    
n Data'] {:Strin    
g) [], RemoteExc    
eption
    + FullyQualified 
   ErrorId : Native  
  CommandError
 
  errno: -4048,
  code: 'EPERM',
  syscall: 'scandir',
  path: 'C:\\Users\\m
orer\\Application 
Data'
}
Failed to compile.

Error: EPERM: 
operation not 
permitted, scandir 'C
:\Users\morer\Applica
tion Data'


> Build failed 
because of webpack 
errors
